  GroundElapsedTimeCommon.cpp
  GroundElapsedTimeExport.cpp
  GroundElapsedTimeMFD.cpp
d:\orbiter\releases\orbiter-x86\orbitersdk\include\orbiterapi.h(712): warning C4251: 'ImGuiDialog::name': class 'std::basic_string<char,std::char_traits<char>,std::allocator<char>>' needs to have dll-interface to be used by clients of class 'ImGuiDialog' (compiling source file ..\..\src\GroundElapsedTimeExport.cpp)
d:\orbiter\releases\orbiter-x86\orbitersdk\include\orbiterapi.h(712): warning C4251: 'ImGuiDialog::name': class 'std::basic_string<char,std::char_traits<char>,std::allocator<char>>' needs to have dll-interface to be used by clients of class 'ImGuiDialog' (compiling source file ..\..\src\GroundElapsedTimeMFD.cpp)
d:\orbiter\releases\orbiter-x86\orbitersdk\include\orbiterapi.h(712): warning C4251: 'ImGuiDialog::name': class 'std::basic_string<char,std::char_traits<char>,std::allocator<char>>' needs to have dll-interface to be used by clients of class 'ImGuiDialog' (compiling source file ..\..\src\GroundElapsedTimeCommon.cpp)
  c:\program files\microsoft visual studio\18\community\vc\tools\msvc\14.16.27023\include\xstring(4373): note: see declaration of 'std::basic_string<char,std::char_traits<char>,std::allocator<char>>' (compiling source file ..\..\src\GroundElapsedTimeMFD.cpp)
  c:\program files\microsoft visual studio\18\community\vc\tools\msvc\14.16.27023\include\xstring(4373): note: see declaration of 'std::basic_string<char,std::char_traits<char>,std::allocator<char>>' (compiling source file ..\..\src\GroundElapsedTimeExport.cpp)
  c:\program files\microsoft visual studio\18\community\vc\tools\msvc\14.16.27023\include\xstring(4373): note: see declaration of 'std::basic_string<char,std::char_traits<char>,std::allocator<char>>' (compiling source file ..\..\src\GroundElapsedTimeCommon.cpp)
d:\orbiter\releases\orbiter-x86\orbitersdk\include\orbiterapi.h(714): warning C4251: 'ImGuiDialog::helpfile': class 'std::basic_string<char,std::char_traits<char>,std::allocator<char>>' needs to have dll-interface to be used by clients of class 'ImGuiDialog' (compiling source file ..\..\src\GroundElapsedTimeMFD.cpp)
d:\orbiter\releases\orbiter-x86\orbitersdk\include\orbiterapi.h(714): warning C4251: 'ImGuiDialog::helpfile': class 'std::basic_string<char,std::char_traits<char>,std::allocator<char>>' needs to have dll-interface to be used by clients of class 'ImGuiDialog' (compiling source file ..\..\src\GroundElapsedTimeExport.cpp)
  c:\program files\microsoft visual studio\18\community\vc\tools\msvc\14.16.27023\include\xstring(4373): note: see declaration of 'std::basic_string<char,std::char_traits<char>,std::allocator<char>>' (compiling source file ..\..\src\GroundElapsedTimeMFD.cpp)
d:\orbiter\releases\orbiter-x86\orbitersdk\include\orbiterapi.h(714): warning C4251: 'ImGuiDialog::helpfile': class 'std::basic_string<char,std::char_traits<char>,std::allocator<char>>' needs to have dll-interface to be used by clients of class 'ImGuiDialog' (compiling source file ..\..\src\GroundElapsedTimeCommon.cpp)
d:\orbiter\releases\orbiter-x86\orbitersdk\include\orbiterapi.h(715): warning C4251: 'ImGuiDialog::helptopic': class 'std::basic_string<char,std::char_traits<char>,std::allocator<char>>' needs to have dll-interface to be used by clients of class 'ImGuiDialog' (compiling source file ..\..\src\GroundElapsedTimeMFD.cpp)
  c:\program files\microsoft visual studio\18\community\vc\tools\msvc\14.16.27023\include\xstring(4373): note: see declaration of 'std::basic_string<char,std::char_traits<char>,std::allocator<char>>' (compiling source file ..\..\src\GroundElapsedTimeExport.cpp)
  c:\program files\microsoft visual studio\18\community\vc\tools\msvc\14.16.27023\include\xstring(4373): note: see declaration of 'std::basic_string<char,std::char_traits<char>,std::allocator<char>>' (compiling source file ..\..\src\GroundElapsedTimeCommon.cpp)
  c:\program files\microsoft visual studio\18\community\vc\tools\msvc\14.16.27023\include\xstring(4373): note: see declaration of 'std::basic_string<char,std::char_traits<char>,std::allocator<char>>' (compiling source file ..\..\src\GroundElapsedTimeMFD.cpp)
d:\orbiter\releases\orbiter-x86\orbitersdk\include\orbiterapi.h(715): warning C4251: 'ImGuiDialog::helptopic': class 'std::basic_string<char,std::char_traits<char>,std::allocator<char>>' needs to have dll-interface to be used by clients of class 'ImGuiDialog' (compiling source file ..\..\src\GroundElapsedTimeExport.cpp)
d:\orbiter\releases\orbiter-x86\orbitersdk\include\orbiterapi.h(715): warning C4251: 'ImGuiDialog::helptopic': class 'std::basic_string<char,std::char_traits<char>,std::allocator<char>>' needs to have dll-interface to be used by clients of class 'ImGuiDialog' (compiling source file ..\..\src\GroundElapsedTimeCommon.cpp)
  c:\program files\microsoft visual studio\18\community\vc\tools\msvc\14.16.27023\include\xstring(4373): note: see declaration of 'std::basic_string<char,std::char_traits<char>,std::allocator<char>>' (compiling source file ..\..\src\GroundElapsedTimeExport.cpp)
  c:\program files\microsoft visual studio\18\community\vc\tools\msvc\14.16.27023\include\xstring(4373): note: see declaration of 'std::basic_string<char,std::char_traits<char>,std::allocator<char>>' (compiling source file ..\..\src\GroundElapsedTimeCommon.cpp)
     Creating library .\Release\GroundElapsedTime/GroundElapsedTime.lib and object .\Release\GroundElapsedTime/GroundElapsedTime.exp
  GroundElapsedTime.vcxproj -> C:\Users\del13\NASSP-OLD\Orbitersdk\samples\GroundElapsedTime\Build\VC2017\../../../../../Modules/Plugin/GroundElapsedTime.dll
